// Jest Snapshot v1, https://goo.gl/fbAQLP

exports[`<Charts /> Should match snapshot 1`] = `
<Charts>
  <p>
    Charts
  </p>
</Charts>
`;
