// Jest Snapshot v1, https://goo.gl/fbAQLP

exports[`componenct/<Dashboard /> Should match snapshot 1`] = `
<Dashboard>
  <p>
    Dashboard
  </p>
</Dashboard>
`;
