// Jest Snapshot v1, https://goo.gl/fbAQLP

exports[`<Groups /> Should match snapshot 1`] = `
<Groups>
  <p>
    Groups
  </p>
</Groups>
`;
